\BOOKMARK [0][-]{part.1}{\376\377\000I\000\040\000T\000e\000o\000r\000i\000a}{}% 1
\BOOKMARK [1][-]{section.1}{\376\377\000D\000e\000s\000c\000r\000i\000z\000i\000o\000n\000e\000\040\000c\000o\000r\000s\000o}{part.1}% 2
\BOOKMARK [2][-]{subsection.1.1}{\376\377\000M\000o\000d\000a\000l\000i\000t\000\340\000\040\000d\000'\000e\000s\000a\000m\000e}{section.1}% 3
\BOOKMARK [1][-]{section.2}{\376\377\000I\000n\000t\000r\000o\000d\000u\000z\000i\000o\000n\000e}{part.1}% 4
\BOOKMARK [2][-]{subsection.2.1}{\376\377\000P\000o\000s\000s\000i\000b\000i\000l\000i\000\040\000d\000o\000m\000a\000n\000d\000e\000\040\000d\000i\000\040\000t\000e\000o\000r\000i\000a\000:}{section.2}% 5
\BOOKMARK [2][-]{subsection.2.2}{\376\377\000M\000o\000d\000e\000l\000l\000a\000z\000i\000o\000n\000e\000\040\000d\000e\000i\000\040\000d\000a\000t\000i}{section.2}% 6
\BOOKMARK [3][-]{subsubsection.2.2.1}{\376\377\000S\000c\000h\000e\000m\000a\000,\000\040\000I\000s\000t\000a\000n\000z\000a\000\040\000e\000\040\000A\000r\000c\000h\000i\000t\000e\000t\000t\000u\000r\000a\000\040\000d\000e\000l\000l\000e\000\040\000b\000a\000s\000i\000\040\000d\000i\000\040\000d\000a\000t\000i}{subsection.2.2}% 7
\BOOKMARK [3][-]{subsubsection.2.2.2}{\376\377\000A\000r\000c\000h\000i\000t\000e\000t\000t\000u\000r\000a\000\040\000s\000e\000m\000p\000l\000i\000f\000i\000c\000a\000t\000a\000\040\000d\000i\000\040\000u\000n\000\040\000D\000B\000M\000S}{subsection.2.2}% 8
\BOOKMARK [3][-]{subsubsection.2.2.3}{\376\377\000U\000t\000e\000n\000t\000e\000,\000\040\000s\000i\000s\000t\000e\000m\000a\000\040\000i\000n\000f\000o\000r\000m\000a\000t\000i\000v\000o\000\040\000e\000\040\000m\000o\000d\000e\000l\000l\000o\000\040\000r\000e\000l\000a\000z\000i\000o\000n\000a\000l\000e}{subsection.2.2}% 9
\BOOKMARK [3][-]{subsubsection.2.2.4}{\376\377\000C\000o\000n\000c\000e\000t\000t\000o\000\040\000d\000i\000\040\000r\000e\000l\000a\000z\000i\000o\000n\000e}{subsection.2.2}% 10
\BOOKMARK [2][-]{subsection.2.3}{\376\377\000D\000E\000F\000I\000N\000I\000Z\000I\000O\000N\000I\000\040\000r\000e\000l\000a\000t\000i\000v\000e\000\040\000a\000l\000\040\000M\000O\000D\000E\000L\000L\000O\000\040\000R\000E\000L\000A\000Z\000I\000O\000N\000A\000L\000E\000\040\000D\000E\000I\000\040\000D\000A\000T\000I}{section.2}% 11
\BOOKMARK [3][-]{subsubsection.2.3.1}{\376\377\000I\000n\000f\000o\000r\000m\000a\000z\000i\000o\000n\000i\000\040\000i\000n\000c\000o\000m\000p\000l\000e\000t\000e}{subsection.2.3}% 12
\BOOKMARK [1][-]{section.3}{\376\377\000M\000o\000d\000e\000l\000l\000o\000\040\000r\000e\000l\000a\000z\000i\000o\000n\000a\000l\000e}{part.1}% 13
\BOOKMARK [2][-]{subsection.3.1}{\376\377\000V\000i\000n\000c\000o\000l\000i\000\040\000d\000i\000\040\000i\000n\000t\000e\000g\000r\000i\000t\000\340\000:}{section.3}% 14
\BOOKMARK [2][-]{subsection.3.2}{\376\377\000C\000h\000i\000a\000v\000i}{section.3}% 15
\BOOKMARK [2][-]{subsection.3.3}{\376\377\000V\000i\000n\000c\000o\000l\000i\000\040\000d\000i\000\040\000i\000n\000t\000e\000g\000r\000i\000t\000\340\000\040\000r\000e\000f\000e\000r\000e\000n\000z\000i\000a\000l\000e}{section.3}% 16
\BOOKMARK [1][-]{section.4}{\376\377\000A\000l\000g\000e\000b\000r\000a\000\040\000r\000e\000l\000a\000z\000i\000o\000n\000a\000l\000e}{part.1}% 17
\BOOKMARK [2][-]{subsection.4.1}{\376\377\000O\000p\000e\000r\000a\000t\000o\000r\000i\000\040\000d\000e\000l\000l\000'\000a\000l\000g\000e\000b\000r\000a\000\040\000r\000e\000l\000a\000z\000i\000o\000n\000a\000l\000e}{section.4}% 18
\BOOKMARK [3][-]{subsubsection.4.1.1}{\376\377\000R\000i\000d\000e\000n\000o\000m\000i\000n\000a\000z\000i\000o\000n\000e\000\040}{subsection.4.1}% 19
\BOOKMARK [3][-]{subsubsection.4.1.2}{\376\377\000S\000e\000l\000e\000z\000i\000o\000n\000e\000\040}{subsection.4.1}% 20
\BOOKMARK [3][-]{subsubsection.4.1.3}{\376\377\000P\000r\000o\000i\000e\000z\000i\000o\000n\000e\000\040}{subsection.4.1}% 21
\BOOKMARK [3][-]{subsubsection.4.1.4}{\376\377\000J\000O\000I\000N}{subsection.4.1}% 22
\BOOKMARK [2][-]{subsection.4.2}{\376\377\000R\000a\000p\000p\000r\000e\000s\000e\000n\000t\000a\000z\000i\000o\000n\000e\000\040\000d\000e\000l\000l\000e\000\040\000e\000s\000p\000r\000e\000s\000s\000i\000o\000n\000i\000\040\000t\000r\000a\000m\000i\000t\000e\000\040\000g\000l\000i\000\040\000a\000l\000b\000e\000r\000i}{section.4}% 23
\BOOKMARK [2][-]{subsection.4.3}{\376\377\000E\000q\000u\000i\000v\000a\000l\000e\000n\000z\000a\000\040\000d\000i\000\040\000e\000s\000p\000r\000e\000s\000s\000i\000o\000n\000i\000\040\000a\000l\000g\000e\000b\000r\000i\000c\000h\000e}{section.4}% 24
\BOOKMARK [2][-]{subsection.4.4}{\376\377\000T\000r\000a\000s\000f\000o\000r\000m\000a\000z\000i\000o\000n\000i\000\040\000d\000i\000\040\000e\000q\000u\000i\000v\000a\000l\000e\000n\000z\000a}{section.4}% 25
\BOOKMARK [2][-]{subsection.4.5}{\376\377\000A\000l\000g\000e\000b\000r\000a\000\040\000c\000o\000n\000\040\000v\000a\000l\000o\000r\000i\000\040\000n\000u\000l\000l\000i}{section.4}% 26
\BOOKMARK [2][-]{subsection.4.6}{\376\377\000E\000s\000e\000r\000c\000i\000z\000i\000\040\000d\000a\000\040\000e\000s\000a\000m\000e\000:}{section.4}% 27
\BOOKMARK [3][-]{subsubsection.4.6.1}{\376\377\000A\000l\000g\000e\000b\000r\000a\000\040\000r\000e\000l\000a\000z\000i\000o\000n\000a\000l\000e}{subsection.4.6}% 28
\BOOKMARK [3][-]{subsubsection.4.6.2}{\376\377\000D\000o\000m\000a\000n\000d\000a\000\040\0003\000\040\000s\000u\000l\000l\000a\000\040\000c\000a\000r\000d\000i\000n\000a\000l\000i\000t\000\340}{subsection.4.6}% 29
\BOOKMARK [1][-]{section.5}{\376\377\000S\000Q\000L\000\040\000\050\000S\000t\000r\000u\000c\000t\000u\000r\000e\000d\000\040\000Q\000u\000e\000r\000y\000\040\000L\000a\000n\000g\000u\000a\000g\000e\000\051}{part.1}% 30
\BOOKMARK [2][-]{subsection.5.1}{\376\377\000I\000S\000T\000R\000U\000Z\000I\000O\000N\000I\000\040\000D\000D\000L\000:}{section.5}% 31
\BOOKMARK [3][-]{subsubsection.5.1.1}{\376\377\000D\000o\000m\000i\000n\000i\000\040\000d\000e\000i\000\040\000d\000a\000t\000i}{subsection.5.1}% 32
\BOOKMARK [2][-]{subsection.5.2}{\376\377\000D\000a\000t\000a\000\040\000M\000a\000n\000i\000p\000u\000l\000a\000t\000i\000o\000n\000\040\000L\000a\000n\000g\000u\000a\000g\000e\000\050\000D\000M\000L\000\051}{section.5}% 33
\BOOKMARK [2][-]{subsection.5.3}{\376\377\000Q\000u\000e\000r\000y\000\040\000L\000a\000n\000g\000u\000a\000g\000e\000\040\000\050\000Q\000L\000\051}{section.5}% 34
\BOOKMARK [3][-]{subsubsection.5.3.1}{\376\377\000O\000P\000E\000R\000A\000T\000O\000R\000I\000\040\000D\000I\000\040\000A\000G\000G\000R\000E\000G\000A\000Z\000I\000O\000N\000E\000:}{subsection.5.3}% 35
\BOOKMARK [3][-]{subsubsection.5.3.2}{\376\377\000I\000N\000T\000E\000R\000R\000O\000G\000A\000Z\000I\000O\000N\000I\000\040\000C\000O\000N\000\040\000R\000A\000G\000G\000R\000U\000P\000P\000A\000M\000E\000N\000T\000O\000:}{subsection.5.3}% 36
\BOOKMARK [3][-]{subsubsection.5.3.3}{\376\377\000J\000O\000I\000N}{subsection.5.3}% 37
\BOOKMARK [3][-]{subsubsection.5.3.4}{\376\377\000U\000S\000O\000\040\000D\000I\000\040\000V\000A\000R\000I\000A\000B\000I\000L\000I}{subsection.5.3}% 38
\BOOKMARK [3][-]{subsubsection.5.3.5}{\376\377\000I\000n\000t\000e\000r\000r\000o\000g\000a\000z\000i\000o\000n\000i\000\040\000d\000i\000\040\000t\000i\000p\000o\000\040\000i\000n\000s\000i\000e\000m\000i\000s\000t\000i\000c\000o}{subsection.5.3}% 39
\BOOKMARK [3][-]{subsubsection.5.3.6}{\376\377\000I\000N\000T\000E\000R\000R\000O\000G\000A\000Z\000I\000O\000N\000I\000\040\000N\000I\000D\000I\000F\000I\000C\000A\000T\000E}{subsection.5.3}% 40
\BOOKMARK [3][-]{subsubsection.5.3.7}{\376\377\000I\000N\000T\000E\000R\000R\000O\000G\000A\000Z\000I\000O\000N\000I\000\040\000N\000I\000D\000I\000F\000I\000C\000A\000T\000E\000\040\000C\000O\000M\000P\000L\000E\000S\000S\000E}{subsection.5.3}% 41
\BOOKMARK [3][-]{subsubsection.5.3.8}{\376\377\000V\000I\000S\000T\000E\000\040\000S\000Q\000L\000:}{subsection.5.3}% 42
\BOOKMARK [2][-]{subsection.5.4}{\376\377\000E\000s\000e\000r\000c\000i\000z\000i}{section.5}% 43
\BOOKMARK [3][-]{subsubsection.5.4.1}{\376\377\000E\000s\000e\000m\000p\000i\000o\000\040\000E\000s\000a\000m\000e}{subsection.5.4}% 44
\BOOKMARK [1][-]{section.6}{\376\377\000P\000r\000o\000g\000e\000t\000t\000a\000z\000i\000o\000n\000e\000\040\000d\000i\000\040\000u\000n\000a\000\040\000b\000a\000s\000e\000\040\000d\000i\000\040\000d\000a\000t\000i}{part.1}% 45
\BOOKMARK [2][-]{subsubsection.6.0.1}{\376\377\000M\000o\000d\000e\000l\000l\000a\000z\000i\000o\000n\000e\000\040\000c\000o\000n\000c\000e\000t\000t\000u\000a\000l\000e}{section.6}% 46
\BOOKMARK [2][-]{subsection.6.1}{\376\377\000C\000o\000s\000t\000r\000u\000t\000t\000i\000\040\000p\000r\000i\000n\000c\000i\000p\000a\000l\000i\000\040\000d\000e\000l\000\040\000m\000o\000d\000e\000l\000l\000o\000\040\000E\000-\000R\000:}{section.6}% 47
\BOOKMARK [3][-]{subsubsection.6.1.1}{\376\377\000E\000n\000t\000i\000t\000\340}{subsection.6.1}% 48
\BOOKMARK [3][-]{subsubsection.6.1.2}{\376\377\000R\000e\000l\000a\000z\000i\000o\000n\000e}{subsection.6.1}% 49
\BOOKMARK [3][-]{subsubsection.6.1.3}{\376\377\000A\000t\000t\000r\000i\000b\000u\000t\000o}{subsection.6.1}% 50
\BOOKMARK [3][-]{subsubsection.6.1.4}{\376\377\000R\000e\000l\000a\000z\000i\000o\000n\000i\000\040\000T\000e\000r\000n\000a\000r\000i\000a\000\040\000\050\000N\000-\000A\000r\000i\000e\000\051}{subsection.6.1}% 51
\BOOKMARK [3][-]{subsubsection.6.1.5}{\376\377\000R\000e\000l\000a\000z\000i\000o\000n\000e\000\040\000R\000i\000c\000o\000r\000s\000i\000v\000a}{subsection.6.1}% 52
\BOOKMARK [3][-]{subsubsection.6.1.6}{\376\377\000A\000t\000t\000r\000i\000b\000u\000t\000i\000\040\000c\000o\000m\000p\000o\000s\000t\000i}{subsection.6.1}% 53
\BOOKMARK [3][-]{subsubsection.6.1.7}{\376\377\000A\000l\000t\000r\000i\000\040\000c\000o\000s\000t\000r\000u\000t\000t\000i\000\040\000d\000e\000l\000\040\000m\000o\000d\000e\000l\000l\000o\000\040\000E\000-\000R}{subsection.6.1}% 54
\BOOKMARK [3][-]{subsubsection.6.1.8}{\376\377\000G\000e\000n\000e\000r\000a\000l\000i\000z\000z\000a\000z\000i\000o\000n\000e\000:}{subsection.6.1}% 55
\BOOKMARK [2][-]{subsection.6.2}{\376\377\000D\000o\000c\000u\000m\000e\000n\000t\000a\000z\000i\000o\000n\000e\000\040\000d\000i\000\040\000u\000n\000o\000\040\000s\000c\000h\000e\000m\000a\000\040\000E\000R}{section.6}% 56
\BOOKMARK [2][-]{subsection.6.3}{\376\377\000E\000s\000e\000r\000c\000i\000z\000i\000\040\000d\000i\000\040\000p\000r\000o\000g\000e\000t\000t\000a\000z\000i\000o\000n\000e}{section.6}% 57
\BOOKMARK [1][-]{section.7}{\376\377\000P\000r\000o\000g\000e\000t\000t\000a\000z\000i\000o\000n\000e\000\040\000L\000o\000g\000i\000c\000a}{part.1}% 58
\BOOKMARK [2][-]{subsection.7.1}{\376\377\000R\000i\000s\000t\000r\000u\000t\000t\000u\000r\000a\000z\000i\000o\000n\000e\000\040\000d\000i\000\040\000u\000n\000o\000\040\000s\000c\000h\000e\000m\000a\000\040\000E\000R}{section.7}% 59
\BOOKMARK [3][-]{subsubsection.7.1.1}{\376\377\000A\000n\000a\000l\000i\000s\000i\000\040\000d\000e\000l\000l\000e\000\040\000r\000i\000d\000o\000n\000d\000a\000n\000z\000e}{subsection.7.1}% 60
\BOOKMARK [3][-]{subsubsection.7.1.2}{\376\377\000E\000l\000i\000m\000i\000n\000a\000z\000i\000o\000n\000e\000\040\000d\000e\000l\000l\000e\000\040\000g\000e\000n\000e\000r\000a\000l\000i\000z\000z\000a\000z\000i\000o\000n\000i\000/\000g\000e\000r\000a\000r\000c\000h\000i\000e}{subsection.7.1}% 61
\BOOKMARK [3][-]{subsubsection.7.1.3}{\376\377\000P\000a\000r\000t\000i\000z\000i\000o\000n\000a\000m\000e\000n\000t\000o\000/\000A\000c\000c\000o\000r\000p\000a\000m\000e\000n\000t\000o\000\040\000d\000i\000\040\000e\000n\000t\000i\000t\000\340\000\040\000e\000\040\000r\000e\000l\000a\000z\000i\000o\000n\000i}{subsection.7.1}% 62
\BOOKMARK [3][-]{subsubsection.7.1.4}{\376\377\000S\000c\000e\000l\000t\000a\000\040\000d\000e\000g\000l\000i\000\040\000i\000d\000e\000n\000t\000i\000f\000i\000c\000a\000t\000o\000r\000i\000\040\000p\000r\000i\000m\000a\000r\000i}{subsection.7.1}% 63
\BOOKMARK [2][-]{subsection.7.2}{\376\377\000T\000r\000a\000d\000u\000z\000i\000o\000n\000e\000\040\000v\000e\000r\000s\000o\000\040\000i\000l\000\040\000m\000o\000d\000e\000l\000l\000o\000\040\000r\000e\000l\000a\000z\000i\000o\000n\000a\000l\000e}{section.7}% 64
\BOOKMARK [3][-]{subsubsection.7.2.1}{\376\377\000E\000s\000e\000r\000c\000i\000z\000i\000\040\000d\000'\000e\000s\000a\000m\000e\000\040\000d\000i\000\040\000t\000r\000a\000d\000u\000z\000i\000o\000n\000e}{subsection.7.2}% 65
\BOOKMARK [0][-]{part.2}{\376\377\000I\000I\000\040\000T\000u\000t\000o\000r\000a\000t\000o}{}% 66
\BOOKMARK [1][-]{section.8}{\376\377\000E\000s\000e\000r\000c\000i\000z\000i\000\040\000A\000l\000g\000e\000b\000r\000a\000\040\000R\000e\000l\000a\000z\000i\000o\000n\000a\000l\000e}{part.2}% 67
\BOOKMARK [1][-]{section.9}{\376\377\000E\000s\000e\000r\000c\000i\000z\000i\000\040\000S\000Q\000L}{part.2}% 68
\BOOKMARK [2][-]{subsection.9.1}{\376\377\000E\000s\000e\000r\000c\000i\000z\000i\000o\000\040\0001}{section.9}% 69
\BOOKMARK [1][-]{section.10}{\376\377\000E\000s\000e\000r\000c\000i\000z\000i\000\040\000p\000r\000o\000g\000e\000t\000t\000a\000z\000i\000o\000n\000e}{part.2}% 70
